Switch>enable
Switch#conf t
Enter configuration commands, one per line.  End with CNTL/Z.
Switch(config)#hostname S2
S2(config)#interface fastethernet 0/1
S2(config-if)#switchport mode access
S2(config-if)#switchport port-security violation restrict
S2(config-if)#exit
S2(config)#interface fastethernet 0/2
S2(config-if)#switchport mode access
S2(config-if)#switchport port-security
S2(config-if)#switchport port-security violation restrict
S2(config-if)#exit
S2(config)#interface fastethernet 0/3
S2(config-if)#switchport mode access
S2(config-if)#switchport port-security
S2(config-if)#switchport port-security violation restrict
S2(config-if)#switchport port-security violation protect
S2(config-if)#exit
S2(config)#interface fastethernet 0/4
S2(config-if)#switchport mode trunk

S2(config-if)#
%LINEPROTO-5-UPDOWN: Line protocol on Interface FastEthernet0/4, changed state to down

%LINEPROTO-5-UPDOWN: Line protocol on Interface FastEthernet0/4, changed state to up
switchport mode trunk
S2(config-if)#switchport port-security
S2(config-if)#switchport port-security mac-address max 4
                                                   ^
% Invalid input detected at '^' marker.
	
S2(config-if)#switchport port-security mac-address max 4
                                                   ^
% Invalid input detected at '^' marker.
	
S2(config-if)#switchport port-security mac-address max 4
                                                   ^
% Invalid input detected at '^' marker.
	
S2(config-if)#switchport port-security ?
  mac-address  Secure mac address
  maximum      Max secure addresses
  violation    Security violation mode
  <cr>
S2(config-if)#switchport port-security mac
S2(config-if)#switchport port-security mac-address m
S2(config-if)#switchport port-security mac-address m
S2(config-if)#switchport port-security m
S2(config-if)#exit
S2(config)#interface fastethernet 0/4
S2(config-if)#switchport mode trunk
S2(config-if)#switchport port-security max 4
S2(config-if)#exit
S2(config)#
S2(config)#do write
Building configuration...
[OK]
S2(config)#exit
S2#
%SYS-5-CONFIG_I: Configured from console by console
